VM1747:37274 WebXR emulator extension overrides native WebXR API with polyfill.
index.js:62 A-Frame Version: 1.7.0 (Date 2025-02-20, Commit #ad5cef10)
index.js:63 THREE Version (https://github.com/supermedium/three.js): 173
textures.js:1360 Uncaught SyntaxError: Unexpected end of input (at textures.js:1360:87)
aframe-physics-system.min.js:1 Uncaught TypeError: THREE.Geometry is not a constructor
    at getGeometry (aframe-physics-system.min.js:1:231175)
    at mesh2shape (aframe-physics-system.min.js:1:228820)
    at n.initBody (aframe-physics-system.min.js:1:255653)
    at Ob.emit (a-node.js:306:10)
    at a-node.js:151:12
getGeometry @ aframe-physics-system.min.js:1
mesh2shape @ aframe-physics-system.min.js:1
initBody @ aframe-physics-system.min.js:1
emit @ a-node.js:306
(anonymous) @ a-node.js:151
Promise.then
load @ a-node.js:133
load @ a-entity.js:227
(anonymous) @ a-scene.js:594
setTimeout
play @ a-scene.js:593
attachedCallbackPostCamera @ a-scene.js:139
(anonymous) @ a-scene.js:105
emit @ a-node.js:306
checkUserCamera @ camera.js:98
(anonymous) @ camera.js:58
emit @ a-node.js:306
setObject3D @ a-entity.js:150
init @ camera.js:28
initComponent @ component.js:253
updateProperties @ component.js:239
lb @ component.js:107
n @ component.js:663
initComponent @ a-entity.js:302
updateComponent @ a-entity.js:458
updateComponents @ a-entity.js:429
(anonymous) @ a-entity.js:231
(anonymous) @ a-node.js:145
Promise.then
load @ a-node.js:133
load @ a-entity.js:227
doConnectedCallback @ a-entity.js:88
connectedCallback @ a-node.js:42
(anonymous) @ readyState.js:31
setTimeout
Ab @ readyState.js:30
t @ readyState.js:20
events.js:78 Error emitting event 'test:event': ReferenceError: process is not defined
    at logEvent (events.js:213:9)
    at Game.engine.events.emit (events.js:55:17)
    at testCoreSystems (test.html:237:44)
    at test.html:491:17
overrideMethod @ hook.js:608
Game.engine.events.emit @ events.js:78
testCoreSystems @ test.html:237
(anonymous) @ test.html:491
setTimeout
(anonymous) @ test.html:490
test.html:258 Game state: {player: {…}, world: {…}, base: {…}, quests: {…}, enemies: {…}, …}
